// Jest Snapshot v1, https://goo.gl/fbAQLP

exports[`should render Card component 1`] = `ShallowWrapper {}`;
