// Jest Snapshot v1, https://goo.gl/fbAQLP

exports[`should render LoadMore component 1`] = `ShallowWrapper {}`;
